// Jest Snapshot v1, https://goo.gl/fbAQLP

exports[`MyComponent snapshot 1`] = `
<p
  className="myComponentWrapper"
>
  Hello World.
</p>
`;
