// Jest Snapshot v1, https://goo.gl/fbAQLP

exports[`TaskComponent snapshot 1`] = `
Array [
  <li
    className="taskWrapper"
    onClick={[Function]}
  >
    <span>
      ABC
    </span>
  </li>,
  ",",
]
`;
