// Jest Snapshot v1, https://goo.gl/fbAQLP

exports[`AddTask snapshot 1`] = `
Array [
  <div
    className="addTaskWrapper"
  >
    <input
      className="addTaskInput"
      onChange={[Function]}
      type="text"
      value=""
    />
    <button
      className="addTaskButton"
      disabled={true}
      onClick={[Function]}
    >
      Add
    </button>
  </div>,
  ",",
]
`;
